{
    "parent": "minecraft:item/generated",
    "textures": {
        "layer0": "minecraft:item/leggings/base/golden/spire",
        "layer1": "minecraft:trims/items/leggings_trim/spire_quartz"
    }
}