{
    "parent": "minecraft:item/generated",
    "textures": {
        "layer0": "minecraft:item/chestplate/base/golden/bolt",
        "layer1": "minecraft:trims/items/chestplate_trim/bolt_redstone"
    }
}