{
    "parent": "minecraft:item/generated",
    "textures": {
        "layer0": "minecraft:item/helmet/base/golden/vex",
        "layer1": "minecraft:trims/items/helmet_trim/vex_emerald"
    }
}