{
    "parent": "minecraft:item/generated",
    "textures": {
        "layer0": "minecraft:item/leggings/base/golden/wild",
        "layer1": "minecraft:trims/items/leggings_trim/wild_netherite"
    }
}