{
    "parent": "minecraft:item/generated",
    "textures": {
        "layer0": "minecraft:item/leggings/base/golden/vex",
        "layer1": "minecraft:trims/items/leggings_trim/vex_redstone"
    }
}