{
    "parent": "minecraft:item/generated",
    "textures": {
        "layer0": "minecraft:item/leggings/base/golden/rib",
        "layer1": "minecraft:trims/items/leggings_trim/rib_quartz"
    }
}