{
    "parent": "minecraft:item/generated",
    "textures": {
        "layer0": "minecraft:item/helmet/base/golden/dune",
        "layer1": "minecraft:trims/items/helmet_trim/dune_quartz"
    }
}