{
    "parent": "minecraft:item/generated",
    "textures": {
        "layer0": "minecraft:item/helmet/base/golden/sentry",
        "layer1": "minecraft:trims/items/helmet_trim/sentry_gold_darker"
    }
}