{
    "parent": "minecraft:item/generated",
    "textures": {
        "layer0": "minecraft:item/chestplate/base/golden/sentry",
        "layer1": "minecraft:trims/items/chestplate_trim/sentry_redstone"
    }
}