{
    "parent": "minecraft:item/generated",
    "textures": {
        "layer0": "minecraft:item/boots/base/golden/silence",
        "layer1": "minecraft:trims/items/boots_trim/silence_diamond"
    }
}