{
    "parent": "minecraft:item/generated",
    "textures": {
        "layer0": "minecraft:item/helmet/base/golden/raiser",
        "layer1": "minecraft:trims/items/helmet_trim/raiser_lapis"
    }
}