{
    "parent": "minecraft:item/generated",
    "textures": {
        "layer0": "minecraft:item/boots/base/golden/vex",
        "layer1": "minecraft:trims/items/boots_trim/vex_iron"
    }
}