{
    "parent": "minecraft:item/generated",
    "textures": {
        "layer0": "minecraft:item/chestplate/base/golden/flow",
        "layer1": "minecraft:trims/items/chestplate_trim/flow_diamond"
    }
}