{
    "parent": "minecraft:item/generated",
    "textures": {
        "layer0": "minecraft:item/leggings/base/golden/snout",
        "layer1": "minecraft:trims/items/leggings_trim/snout_amethyst"
    }
}