{
    "parent": "minecraft:item/generated",
    "textures": {
        "layer0": "minecraft:item/boots/base/golden/raiser",
        "layer1": "minecraft:trims/items/boots_trim/raiser_redstone"
    }
}