{
    "parent": "minecraft:item/generated",
    "textures": {
        "layer0": "minecraft:item/leggings/base/golden/ward",
        "layer1": "minecraft:trims/items/leggings_trim/ward_quartz"
    }
}