{
    "parent": "minecraft:item/generated",
    "textures": {
        "layer0": "minecraft:item/helmet/base/golden/shaper",
        "layer1": "minecraft:trims/items/helmet_trim/shaper_redstone"
    }
}