{
    "parent": "minecraft:item/generated",
    "textures": {
        "layer0": "minecraft:item/chestplate/base/golden/rib",
        "layer1": "minecraft:trims/items/chestplate_trim/rib_redstone"
    }
}