{
    "parent": "minecraft:item/generated",
    "textures": {
        "layer0": "minecraft:item/chestplate/base/golden/shaper",
        "layer1": "minecraft:trims/items/chestplate_trim/shaper_netherite"
    }
}