{
    "parent": "minecraft:item/generated",
    "textures": {
        "layer0": "minecraft:item/boots/base/golden/shaper",
        "layer1": "minecraft:trims/items/boots_trim/shaper_quartz"
    }
}