{
    "parent": "minecraft:item/generated",
    "textures": {
        "layer0": "minecraft:item/boots/base/golden/ward",
        "layer1": "minecraft:trims/items/boots_trim/ward_lapis"
    }
}