{
    "parent": "minecraft:item/generated",
    "textures": {
        "layer0": "minecraft:item/boots/base/golden/wayfinder",
        "layer1": "minecraft:trims/items/boots_trim/wayfinder_copper"
    }
}