{
    "parent": "minecraft:item/generated",
    "textures": {
        "layer0": "minecraft:item/chestplate/base/golden/coast",
        "layer1": "minecraft:trims/items/chestplate_trim/coast_gold_darker"
    }
}