{
    "parent": "minecraft:item/generated",
    "textures": {
        "layer0": "minecraft:item/helmet/base/golden/bolt",
        "layer1": "minecraft:trims/items/helmet_trim/bolt_emerald"
    }
}