{
    "parent": "minecraft:item/generated",
    "textures": {
        "layer0": "minecraft:item/helmet/base/golden/tide",
        "layer1": "minecraft:trims/items/helmet_trim/tide_gold_darker"
    }
}