{
    "parent": "minecraft:item/generated",
    "textures": {
        "layer0": "minecraft:item/boots/base/golden/rib",
        "layer1": "minecraft:trims/items/boots_trim/rib_iron"
    }
}