{
    "parent": "minecraft:item/generated",
    "textures": {
        "layer0": "minecraft:item/chestplate/base/golden/host",
        "layer1": "minecraft:trims/items/chestplate_trim/host_redstone"
    }
}