{
    "parent": "minecraft:item/generated",
    "textures": {
        "layer0": "minecraft:item/helmet/base/golden/host",
        "layer1": "minecraft:trims/items/helmet_trim/host_diamond"
    }
}