{
    "parent": "minecraft:item/generated",
    "textures": {
        "layer0": "minecraft:item/leggings/base/golden/coast",
        "layer1": "minecraft:trims/items/leggings_trim/coast_netherite"
    }
}