{
    "parent": "minecraft:item/generated",
    "textures": {
        "layer0": "minecraft:item/boots/base/golden/host",
        "layer1": "minecraft:trims/items/boots_trim/host_emerald"
    }
}