{
    "parent": "minecraft:item/generated",
    "textures": {
        "layer0": "minecraft:item/helmet/base/golden/snout",
        "layer1": "minecraft:trims/items/helmet_trim/snout_emerald"
    }
}