{
    "parent": "minecraft:item/generated",
    "textures": {
        "layer0": "minecraft:item/boots/base/golden/bolt",
        "layer1": "minecraft:trims/items/boots_trim/bolt_gold_darker"
    }
}