{
    "parent": "minecraft:item/generated",
    "textures": {
        "layer0": "minecraft:item/chestplate/base/golden/silence",
        "layer1": "minecraft:trims/items/chestplate_trim/silence_netherite"
    }
}