{
    "parent": "minecraft:item/generated",
    "textures": {
        "layer0": "minecraft:item/leggings/base/golden/silence",
        "layer1": "minecraft:trims/items/leggings_trim/silence_gold_darker"
    }
}