{
    "parent": "minecraft:item/generated",
    "textures": {
        "layer0": "minecraft:item/leggings/base/golden/shaper",
        "layer1": "minecraft:trims/items/leggings_trim/shaper_amethyst"
    }
}