{
    "parent": "minecraft:item/generated",
    "textures": {
        "layer0": "minecraft:item/boots/base/golden/spire",
        "layer1": "minecraft:trims/items/boots_trim/spire_redstone"
    }
}