{
    "parent": "minecraft:item/generated",
    "textures": {
        "layer0": "minecraft:item/chestplate/base/golden/dune",
        "layer1": "minecraft:trims/items/chestplate_trim/dune_diamond"
    }
}